// Jest Snapshot v1, https://goo.gl/fbAQLP

exports[`Test for Language component component Render the Language component 1`] = `
<Select
  label="languageSetup:language"
  onChange={[Function]}
  options={
    Array [
      Object {
        "label": "English (International)",
        "value": "en",
      },
    ]
  }
  value="English (International)"
/>
`;
