// Jest Snapshot v1, https://goo.gl/fbAQLP

exports[`Test for Password component Render the Password component 1`] = `
<div
  className="input padded"
  style={Object {}}
>
  <fieldset>
    <a
      className="strike"
      onClick={[Function]}
    >
      <Icon
        icon="eye"
        size={16}
      />
    </a>
    <input
      onChange={[Function]}
      onClick={[Function]}
      onKeyDown={[Function]}
      type="password"
      value="LoremIpsumDolorSitAmet"
    />
    <small>
      Bar
    </small>
    <strong>
      capsLockIsOn
    </strong>
    <div
      className="score"
      data-strength={4}
    >
      <span />
      <span />
      <span />
    </div>
  </fieldset>
</div>
`;
