// Jest Snapshot v1, https://goo.gl/fbAQLP

exports[`Test for List component Render the List component 1`] = `
<Fragment>
  <nav
    className="nav"
  >
    <div
      className="search"
    >
      <div
        className="search_icon_style"
        onClick={[Function]}
      >
        <Icon
          icon="search"
          size={20}
        />
      </div>
      <input
        className="search_text"
        onChange={[Function]}
        placeholder="Type text here..."
        value=""
      />
    </div>
    <div
      className="nav_div"
    >
      <p
        className="title_refresh"
      >
        Click To Refresh:
      </p>
      <div
        className="refresh"
        onClick={[Function]}
      >
        <Icon
          icon="sync"
          size={24}
        />
      </div>
    </div>
    <div
      className="nav_div"
    >
      <p
        className="title_sort"
      >
        Sort By:
      </p>
      <div
        className="sort_by"
      >
        <select
          className="sort_text"
          onChange={[Function]}
        >
          <option
            key="All"
            value="All"
          >
            All
          </option>
          <option
            key="Sent"
            value="Sent"
          >
            Sent
          </option>
          <option
            key="Received"
            value="Received"
          >
            Received
          </option>
          <option
            key="Pending"
            value="Pending"
          >
            Pending
          </option>
        </select>
      </div>
    </div>
  </nav>
  <Scrollbar
    style={
      Object {
        "marginLeft": "-50px",
        "paddingRight": "0px",
        "width": "109%",
      }
    }
  >
    <div
      className="lists"
      key="0"
      onClick={[Function]}
    >
      <div
        className="column_sent"
      >
        <div
          className="column_cnt"
        >
          <h4
            className="sent_heading"
          >
            SENT
          </h4>
          <h6>
            08 Jan 2019
          </h6>
        </div>
        <div
          className="column_cnt"
        >
          <p
            className="note"
          >
            Lorem ipsum
          </p>
        </div>
        <div
          className="column_cnt"
        >
          <h4
            className="sender_heading"
          >
            Hash
          </h4>
          <p
            className="fromhash"
          >
            0a2955eb6f6a240336b7a53b9b89cf4f588ed2847048b150c5622f89540f0675
          </p>
        </div>
        <div
          className="column_cnt"
        >
          <span
            className="sent"
          >
            0 HLX
          </span>
        </div>
      </div>
    </div>
    <div
      className="lists"
      key="1"
      onClick={[Function]}
    >
      <div
        className="column_pending"
      >
        <div
          className="column_cnt"
        >
          <h4
            className="sent_heading"
          >
            PENDING
          </h4>
          <h6>
            08 Jan 2019
          </h6>
        </div>
        <div
          className="column_cnt"
        >
          <p
            className="note"
          >
            Dolor sit amet
          </p>
        </div>
        <div
          className="column_cnt"
        >
          <h4
            className="sender_heading"
          >
            Hash
          </h4>
          <p
            className="fromhash"
          >
            b2b43b3b04c06d640cb0b418817b713f11d6b5080e122f42c80efae73f44adda
          </p>
        </div>
        <div
          className="column_cnt"
        >
          <span
            className="pending"
          >
            +
            500 kHLX
          </span>
        </div>
      </div>
    </div>
    <div
      className="lists"
      key="2"
      onClick={[Function]}
    >
      <div
        className="column_receive"
      >
        <div
          className="column_cnt"
        >
          <h4
            className="sent_heading"
          >
            RECEIVED
          </h4>
          <h6>
            08 Jan 2019
          </h6>
        </div>
        <div
          className="column_cnt"
        >
          <p
            className="note"
          >
            Lorem ipsum
          </p>
        </div>
        <div
          className="column_cnt"
        >
          <h4
            className="sender_heading"
          >
            Hash
          </h4>
          <p
            className="fromhash"
          >
            078960aba0d1379a0bdc7df25e974e156ca016b5b16d3c77e1ca695ce7b3b835
          </p>
        </div>
        <div
          className="column_cnt"
        >
          <span
            className="receive"
          >
            +
            500 kHLX
          </span>
        </div>
      </div>
    </div>
    <div
      className="lists"
      key="3"
      onClick={[Function]}
    >
      <div
        className="column_sent"
      >
        <div
          className="column_cnt"
        >
          <h4
            className="sent_heading"
          >
            SENT
          </h4>
          <h6>
            08 Jan 2019
          </h6>
        </div>
        <div
          className="column_cnt"
        >
          <p
            className="note"
          >
            Lorem ipsum
          </p>
        </div>
        <div
          className="column_cnt"
        >
          <h4
            className="sender_heading"
          >
            Hash
          </h4>
          <p
            className="fromhash"
          >
            2028ab80df9a63e7d41c39219b720a7be4c0b037f74f44c2d36f6ce01eaf5117
          </p>
        </div>
        <div
          className="column_cnt"
        >
          <span
            className="sent"
          >
            0 HLX
          </span>
        </div>
      </div>
    </div>
    <div
      className="lists"
      key="4"
      onClick={[Function]}
    >
      <div
        className="column_pending"
      >
        <div
          className="column_cnt"
        >
          <h4
            className="sent_heading"
          >
            PENDING
          </h4>
          <h6>
            08 Jan 2019
          </h6>
        </div>
        <div
          className="column_cnt"
        >
          <p
            className="note"
          >
            Lorem ipsum
          </p>
        </div>
        <div
          className="column_cnt"
        >
          <h4
            className="sender_heading"
          >
            Hash
          </h4>
          <p
            className="fromhash"
          >
            fc95e8ce0ad3bf66b0af5de18c4b7d5c3f5a286221349b102fd51513670a3dbd
          </p>
        </div>
        <div
          className="column_cnt"
        >
          <span
            className="pending"
          >
            -
            100 kHLX
          </span>
        </div>
      </div>
    </div>
    <div
      className="lists"
      key="5"
      onClick={[Function]}
    >
      <div
        className="column_pending"
      >
        <div
          className="column_cnt"
        >
          <h4
            className="sent_heading"
          >
            PENDING
          </h4>
          <h6>
            08 Jan 2019
          </h6>
        </div>
        <div
          className="column_cnt"
        >
          <p
            className="note"
          >
            Lorem ipsum
          </p>
        </div>
        <div
          className="column_cnt"
        >
          <h4
            className="sender_heading"
          >
            Hash
          </h4>
          <p
            className="fromhash"
          >
            38accd133327f0cdd345b6a657fd48082979cf585088fa87e11d61ea9973f759
          </p>
        </div>
        <div
          className="column_cnt"
        >
          <span
            className="pending"
          >
            -
            100 kHLX
          </span>
        </div>
      </div>
    </div>
  </Scrollbar>
  <div
    className="popup"
    onClick={[Function]}
  >
    <div />
  </div>
</Fragment>
`;
