// Jest Snapshot v1, https://goo.gl/fbAQLP

exports[`Progress component Render the component 1`] = `
<div
  className="progress circle"
>
  <t
    percent={45}
    status="error"
    style={
      Object {
        "border": "none !important",
        "height": "250px",
        "left": "0px",
        "position": "absolute !important",
        "top": "100px",
        "width": "250px",
      }
    }
    theme={
      Object {
        "default": Object {
          "color": "#ebba53",
          "symbol": "45%",
          "trailColor": "#152353",
        },
      }
    }
    type="circle"
  />
  <br />
  <br />
  <br />
  <br />
  <br />
  <br />
  <br />
  <br />
  <p>
    Updated
  </p>
</div>
`;
