// Jest Snapshot v1, https://goo.gl/fbAQLP

exports[`renders correctly 1`] = `
<li
  page="settings/language"
>
  language
</li>
`;

exports[`renders correctly 2`] = `
<li
  page="settings/theme"
>
  Theme
</li>
`;

exports[`renders correctly 3`] = `
<li
  page="settings/accountsetting"
>
  Advanced settings
</li>
`;

exports[`renders correctly 4`] = `
<li
  page="settings/editname"
>
  Edit Name
</li>
`;

exports[`renders correctly 5`] = `
<li
  page="settings/node"
>
  Node
</li>
`;

exports[`renders correctly 6`] = `
<li
  page="settings/viewseed"
>
  ViewSeed
</li>
`;

exports[`renders correctly 7`] = `
<li
  page="settings/address"
>
  View Address
</li>
`;

exports[`renders correctly 8`] = `
<li
  page="settings/password"
>
  Change password
</li>
`;

exports[`renders correctly 9`] = `
<li
  page="settings/remove"
>
  Remove Account
</li>
`;

exports[`renders correctly 10`] = `
<li
  page="settings/snapshot"
>
  Snapshot
</li>
`;
